// Jest Snapshot v1, https://goo.gl/fbAQLP

exports[`renders correctly 1`] = `
<BlogPostLayout
  card={<Component />}
>
  <Component
    query=""
    updateQuery={[Function]}
  />
  <Loading />
</BlogPostLayout>
`;
