// Jest Snapshot v1, https://goo.gl/fbAQLP

exports[`renders correctly 1`] = `
<div
  className="container pt-4"
>
  <div
    className="row"
  >
    <div
      className="col-lg-3"
    />
    <div
      className="col-lg-6"
    >
      <ul
        className="list-group media-list media-list-stream mb-4"
      />
    </div>
  </div>
</div>
`;
